// Jest Snapshot v1, https://goo.gl/fbAQLP

exports[`ScanPlaceholder should match snapshot 1`] = `
<View
  className="flex-1 bg-white"
/>
`;
